// Jest Snapshot v1, https://goo.gl/fbAQLP

exports[`Calculator renders correctly 1`] = `
Array [
  <header>
    <h1>
      Math Magicians
    </h1>
    <nav>
      <ul>
        <li>
          <a
            href="/"
            onClick={[Function]}
          >
            Home
          </a>
        </li>
        <li>
          <a
            href="/calculator"
            onClick={[Function]}
          >
            Calculator
          </a>
        </li>
        <li>
          <a
            href="/quote"
            onClick={[Function]}
          >
            Quote
          </a>
        </li>
      </ul>
    </nav>
  </header>,
  <div
    className="calculator-page"
  >
    <h2>
      Let's do some math!
    </h2>
    <section>
      <table>
        <tr>
          <th
            colSpan="4"
          >
            0
          </th>
        </tr>
        <tr>
          <td>
            <button
              onClick={[Function]}
              type="button"
            >
              AC
            </button>
          </td>
          <td>
            <button
              onClick={[Function]}
              type="button"
            >
              +/-
            </button>
          </td>
          <td>
            <button
              onClick={[Function]}
              type="button"
            >
              %
            </button>
          </td>
          <td>
            <button
              onClick={[Function]}
              type="button"
            >
              รท
            </button>
          </td>
        </tr>
        <tr>
          <td>
            <button
              onClick={[Function]}
              type="button"
            >
              7
            </button>
          </td>
          <td>
            <button
              onClick={[Function]}
              type="button"
            >
              8
            </button>
          </td>
          <td>
            <button
              onClick={[Function]}
              type="button"
            >
              9
            </button>
          </td>
          <td>
            <button
              onClick={[Function]}
              type="button"
            >
              x
            </button>
          </td>
        </tr>
        <tr>
          <td>
            <button
              onClick={[Function]}
              type="button"
            >
              4
            </button>
          </td>
          <td>
            <button
              onClick={[Function]}
              type="button"
            >
              5
            </button>
          </td>
          <td>
            <button
              onClick={[Function]}
              type="button"
            >
              6
            </button>
          </td>
          <td>
            <button
              onClick={[Function]}
              type="button"
            >
              -
            </button>
          </td>
        </tr>
        <tr>
          <td>
            <button
              onClick={[Function]}
              type="button"
            >
              1
            </button>
          </td>
          <td>
            <button
              onClick={[Function]}
              type="button"
            >
              2
            </button>
          </td>
          <td>
            <button
              onClick={[Function]}
              type="button"
            >
              3
            </button>
          </td>
          <td>
            <button
              onClick={[Function]}
              type="button"
            >
              +
            </button>
          </td>
        </tr>
        <tr>
          <td
            colSpan="2"
          >
            <button
              onClick={[Function]}
              type="button"
            >
              0
            </button>
          </td>
          <td>
            <button
              onClick={[Function]}
              type="button"
            >
              .
            </button>
          </td>
          <td>
            <button
              onClick={[Function]}
              type="button"
            >
              =
            </button>
          </td>
        </tr>
      </table>
    </section>
  </div>,
]
`;
