// Jest Snapshot v1, https://goo.gl/fbAQLP

exports[`Get Quote form API renders correctly 1`] = `null`;
