// Jest Snapshot v1, https://goo.gl/fbAQLP

exports[`renders correctly 1`] = `
Array [
  <header>
    <h1>
      Math Magicians
    </h1>
    <nav>
      <ul>
        <li>
          <a
            href="/"
            onClick={[Function]}
          >
            Home
          </a>
        </li>
        <li>
          <a
            href="/calculator"
            onClick={[Function]}
          >
            Calculator
          </a>
        </li>
        <li>
          <a
            href="/quote"
            onClick={[Function]}
          >
            Quote
          </a>
        </li>
      </ul>
    </nav>
  </header>,
  <div>
    <h2>
      Welcome to our Page!
    </h2>
    <p>
      Lorem ipsum dolor sit amet consectetur adipisicing elit. Ea aperiam iusto recusandae, ratione iste eaque voluptate culpa, dolorum eveniet tempore sunt praesentium! Perferendis, cumque dolorum. Ea architecto consequatur recusandae quam dolorum eveniet tempore sunt praesentium! Perferendis, cumque dolorum. Ea architecto consequatur recusandae quam?
    </p>
    <p>
      Lorem ipsum dolor sit amet consectetur adipisicing elit. Ea aperiam iusto recusandae, ratione iste eaque voluptate culpa, dolorum eveniet tempore sunt praesentium! Perferendis, cumque dolorum. Ea architecto consequatur recusandae quam dolorum eveniet tempore sunt praesentium! Perferendis, cumque dolorum. Ea architecto consequatur recusandae quam?
    </p>
  </div>,
]
`;
